// Jest Snapshot v1, https://goo.gl/fbAQLP

exports[`renders correctly 1`] = `
<div
  className="index-container"
>
  <HelmetWrapper
    defer={true}
    encodeSpecialCharacters={true}
  >
    <title>
      Sergio Orozco
    </title>
    <link
      href="https://www.secorto.com"
      rel="canonical"
    />
  </HelmetWrapper>
  <SEO
    config={
      Object {
        "blogPostDir": "posts",
        "copyright": "Copyright © 2018. Sergio Orozco",
        "disqusShortname": "scot3004",
        "fixedFooter": false,
        "pathPrefix": "/",
        "postDefaultCategoryID": "Tech",
        "shortTitle": "SeCOrTo",
        "siteDescription": "Sitio web presentación de Sergio Orozco Torres",
        "siteFBAppID": "291685517914169",
        "siteGATrackingID": "UA-10920504-3",
        "siteLogo": "/logos/logo-1024.png",
        "siteRss": "/rss.xml",
        "siteTitle": "Sergio Orozco",
        "siteTitleAlt": "Sergio Orozco Torres website",
        "siteUrl": "https://www.secorto.com",
        "userAvatar": "/logos/logo-192.png",
        "userDescription": "Yeah, I like animals better than people sometimes... Especially dogs. Dogs are the best. Every time you come home, they act like they haven't seen you in a year. And the good thing about dogs... is they got different dogs for different people.",
        "userLinks": Array [
          Object {
            "iconClassName": "fa fa-github",
            "label": "GitHub",
            "url": "https://github.com/Scot3004",
          },
          Object {
            "iconClassName": "fa fa-facebook",
            "label": "Facebook",
            "url": "https://facebook.com/Scot3004",
          },
          Object {
            "iconClassName": "fa fa-twitter",
            "label": "Twitter",
            "url": "https://twitter.com/Scot3004",
          },
        ],
        "userLocation": "Barranquilla, Colombia",
        "userName": "Sergio Orozco",
        "userTwitter": "scot3004",
      }
    }
    postEdges={
      Array [
        "post_edges",
      ]
    }
  />
  <PostListing
    postEdges={
      Array [
        "post_edges",
      ]
    }
  />
</div>
`;
