// Jest Snapshot v1, https://goo.gl/fbAQLP

exports[`renders correctly 1`] = `
<div
  className="toolbar-actions"
>
  <Translate(LanguageSwitcher) />
  <div
    className="userlinks-container"
  >
    <UserLinks
      config="stub"
    />
  </div>
</div>
`;
